2026-08-06 11:34:22.512: [INFO] CurrentProfilePath: E:\SOAA\skill 2\.metadata\.plugins\org.eclipse.swt\EBWebView\Default
2026-08-06 11:34:22.513: [INFO] Profiles total count: 1
2026-08-06 11:34:22.513: [INFO] Profile: name=Profile 1 path=E:\SOAA\skill 2\.metadata\.plugins\org.eclipse.swt\EBWebView\Default lastActive=null
2026-08-06 11:34:22.513: [INFO] LastUsedProfileDir: E:\SOAA\skill 2\.metadata\.plugins\org.eclipse.swt\EBWebView\Default
2026-08-06 11:34:22.513: [INFO] OnDoneLoading sync enabled: 0
2026-08-06 11:34:22.513: [INFO] BookmarkModelLoaded, ids_reassigned: 0
2026-08-06 11:34:22.513: [INFO] BookmarksLoadDropped droppedNodes=0
2026-08-06 11:34:22.513: [INFO] BookmarksSnapshot Startup total=0 bar=0 other=0 mobile=0 showBar=0 showBarNTP=1
2026-08-06 11:34:22.739: [INFO] BookmarksSnapshot Shutdown total=0 bar=0 other=0 mobile=0 showBar=0 showBarNTP=1
2026-08-06 11:35:57.796: [INFO] CurrentProfilePath: E:\SOAA\skill 2\.metadata\.plugins\org.eclipse.swt\EBWebView\Default
2026-08-06 11:35:57.796: [INFO] Profiles total count: 1
2026-08-06 11:35:57.796: [INFO] Profile: name=Profile 1 path=E:\SOAA\skill 2\.metadata\.plugins\org.eclipse.swt\EBWebView\Default lastActive=null
2026-08-06 11:35:57.796: [INFO] LastUsedProfileDir: E:\SOAA\skill 2\.metadata\.plugins\org.eclipse.swt\EBWebView\Default
2026-08-06 11:35:57.796: [INFO] OnDoneLoading sync enabled: 0
2026-08-06 11:35:57.796: [INFO] BookmarkModelLoaded, ids_reassigned: 0
2026-08-06 11:35:57.796: [INFO] BookmarksLoadDropped droppedNodes=0
2026-08-06 11:35:57.796: [INFO] BookmarksSnapshot Startup total=0 bar=0 other=0 mobile=0 showBar=0 showBarNTP=1
2026-08-06 11:36:10.189: [INFO] BookmarksSnapshot Shutdown total=0 bar=0 other=0 mobile=0 showBar=0 showBarNTP=1
2026-08-12 10:41:31.975: [INFO] CurrentProfilePath: E:\SOAA\skill 2\.metadata\.plugins\org.eclipse.swt\EBWebView\Default
2026-08-12 10:41:31.975: [INFO] Profiles total count: 1
2026-08-12 10:41:31.975: [INFO] Profile: name=Profile 1 path=E:\SOAA\skill 2\.metadata\.plugins\org.eclipse.swt\EBWebView\Default lastActive=null
2026-08-12 10:41:31.975: [INFO] LastUsedProfileDir: E:\SOAA\skill 2\.metadata\.plugins\org.eclipse.swt\EBWebView\Default
2026-08-12 10:41:31.975: [INFO] OnDoneLoading sync enabled: 0
2026-08-12 10:41:31.975: [INFO] BookmarkModelLoaded, ids_reassigned: 0
2026-08-12 10:41:31.975: [INFO] BookmarksLoadDropped droppedNodes=0
2026-08-12 10:41:31.975: [INFO] BookmarksSnapshot Startup total=0 bar=0 other=0 mobile=0 showBar=0 showBarNTP=1
2026-08-12 10:41:32.319: [INFO] BookmarksSnapshot Shutdown total=0 bar=0 other=0 mobile=0 showBar=0 showBarNTP=1
2026-08-12 10:41:44.190: [INFO] CurrentProfilePath: E:\SOAA\skill 2\.metadata\.plugins\org.eclipse.swt\EBWebView\Default
2026-08-12 10:41:44.190: [INFO] Profiles total count: 1
2026-08-12 10:41:44.190: [INFO] Profile: name=Profile 1 path=E:\SOAA\skill 2\.metadata\.plugins\org.eclipse.swt\EBWebView\Default lastActive=null
2026-08-12 10:41:44.191: [INFO] LastUsedProfileDir: E:\SOAA\skill 2\.metadata\.plugins\org.eclipse.swt\EBWebView\Default
2026-08-12 10:41:44.191: [INFO] OnDoneLoading sync enabled: 0
2026-08-12 10:41:44.191: [INFO] BookmarkModelLoaded, ids_reassigned: 0
2026-08-12 10:41:44.191: [INFO] BookmarksLoadDropped droppedNodes=0
2026-08-12 10:41:44.191: [INFO] BookmarksSnapshot Startup total=0 bar=0 other=0 mobile=0 showBar=0 showBarNTP=1
2026-08-12 10:41:44.406: [INFO] BookmarksSnapshot Shutdown total=0 bar=0 other=0 mobile=0 showBar=0 showBarNTP=1
2026-08-12 10:41:52.271: [INFO] CurrentProfilePath: E:\SOAA\skill 2\.metadata\.plugins\org.eclipse.swt\EBWebView\Default
2026-08-12 10:41:52.271: [INFO] Profiles total count: 1
2026-08-12 10:41:52.271: [INFO] Profile: name=Profile 1 path=E:\SOAA\skill 2\.metadata\.plugins\org.eclipse.swt\EBWebView\Default lastActive=null
2026-08-12 10:41:52.271: [INFO] LastUsedProfileDir: E:\SOAA\skill 2\.metadata\.plugins\org.eclipse.swt\EBWebView\Default
2026-08-12 10:41:52.271: [INFO] OnDoneLoading sync enabled: 0
2026-08-12 10:41:52.271: [INFO] BookmarkModelLoaded, ids_reassigned: 0
2026-08-12 10:41:52.271: [INFO] BookmarksLoadDropped droppedNodes=0
2026-08-12 10:41:52.271: [INFO] BookmarksSnapshot Startup total=0 bar=0 other=0 mobile=0 showBar=0 showBarNTP=1
2026-08-12 10:41:52.487: [INFO] BookmarksSnapshot Shutdown total=0 bar=0 other=0 mobile=0 showBar=0 showBarNTP=1
2026-08-12 10:42:05.554: [INFO] CurrentProfilePath: E:\SOAA\skill 2\.metadata\.plugins\org.eclipse.swt\EBWebView\Default
2026-08-12 10:42:05.554: [INFO] Profiles total count: 1
2026-08-12 10:42:05.554: [INFO] Profile: name=Profile 1 path=E:\SOAA\skill 2\.metadata\.plugins\org.eclipse.swt\EBWebView\Default lastActive=null
2026-08-12 10:42:05.554: [INFO] LastUsedProfileDir: E:\SOAA\skill 2\.metadata\.plugins\org.eclipse.swt\EBWebView\Default
2026-08-12 10:42:05.554: [INFO] OnDoneLoading sync enabled: 0
2026-08-12 10:42:05.554: [INFO] BookmarkModelLoaded, ids_reassigned: 0
2026-08-12 10:42:05.554: [INFO] BookmarksLoadDropped droppedNodes=0
2026-08-12 10:42:05.554: [INFO] BookmarksSnapshot Startup total=0 bar=0 other=0 mobile=0 showBar=0 showBarNTP=1
2026-08-12 10:43:27.986: [INFO] BookmarksSnapshot Shutdown total=0 bar=0 other=0 mobile=0 showBar=0 showBarNTP=1
2026-08-12 10:43:28.164: [INFO] CurrentProfilePath: E:\SOAA\skill 2\.metadata\.plugins\org.eclipse.swt\EBWebView\Default
2026-08-12 10:43:28.164: [INFO] Profiles total count: 1
2026-08-12 10:43:28.165: [INFO] Profile: name=Profile 1 path=E:\SOAA\skill 2\.metadata\.plugins\org.eclipse.swt\EBWebView\Default lastActive=null
2026-08-12 10:43:28.165: [INFO] LastUsedProfileDir: E:\SOAA\skill 2\.metadata\.plugins\org.eclipse.swt\EBWebView\Default
2026-08-12 10:43:28.165: [INFO] OnDoneLoading sync enabled: 0
2026-08-12 10:43:28.165: [INFO] BookmarkModelLoaded, ids_reassigned: 0
2026-08-12 10:43:28.165: [INFO] BookmarksLoadDropped droppedNodes=0
2026-08-12 10:43:28.165: [INFO] BookmarksSnapshot Startup total=0 bar=0 other=0 mobile=0 showBar=0 showBarNTP=1
2026-08-12 11:10:08.180: [INFO] BookmarksSnapshot Shutdown total=0 bar=0 other=0 mobile=0 showBar=0 showBarNTP=1
2026-08-12 11:16:40.522: [INFO] CurrentProfilePath: E:\SOAA\skill 2\.metadata\.plugins\org.eclipse.swt\EBWebView\Default
2026-08-12 11:16:40.522: [INFO] Profiles total count: 1
2026-08-12 11:16:40.523: [INFO] Profile: name=Profile 1 path=E:\SOAA\skill 2\.metadata\.plugins\org.eclipse.swt\EBWebView\Default lastActive=2026-08-12T10:49:19.398Z
2026-08-12 11:16:40.523: [INFO] LastUsedProfileDir: E:\SOAA\skill 2\.metadata\.plugins\org.eclipse.swt\EBWebView\Default
2026-08-12 11:16:40.523: [INFO] MostRecentlyActiveProfile: name=Profile 1 path=E:\SOAA\skill 2\.metadata\.plugins\org.eclipse.swt\EBWebView\Default lastActive=2026-08-12T10:49:19.398Z
2026-08-12 11:16:40.523: [INFO] OnDoneLoading sync enabled: 0
2026-08-12 11:16:40.523: [INFO] BookmarkModelLoaded, ids_reassigned: 0
2026-08-12 11:16:40.523: [INFO] BookmarksLoadDropped droppedNodes=0
2026-08-12 11:16:40.523: [INFO] BookmarksSnapshot Startup total=0 bar=0 other=0 mobile=0 showBar=0 showBarNTP=1
2026-08-12 11:17:24.026: [INFO] BookmarksSnapshot Shutdown total=0 bar=0 other=0 mobile=0 showBar=0 showBarNTP=1
2026-08-12 11:19:54.512: [INFO] CurrentProfilePath: E:\SOAA\skill 2\.metadata\.plugins\org.eclipse.swt\EBWebView\Default
2026-08-12 11:19:54.512: [INFO] Profiles total count: 1
2026-08-12 11:19:54.512: [INFO] Profile: name=Profile 1 path=E:\SOAA\skill 2\.metadata\.plugins\org.eclipse.swt\EBWebView\Default lastActive=2026-08-12T10:49:19.398Z
2026-08-12 11:19:54.512: [INFO] LastUsedProfileDir: E:\SOAA\skill 2\.metadata\.plugins\org.eclipse.swt\EBWebView\Default
2026-08-12 11:19:54.512: [INFO] MostRecentlyActiveProfile: name=Profile 1 path=E:\SOAA\skill 2\.metadata\.plugins\org.eclipse.swt\EBWebView\Default lastActive=2026-08-12T10:49:19.398Z
2026-08-12 11:19:54.512: [INFO] OnDoneLoading sync enabled: 0
2026-08-12 11:19:54.512: [INFO] BookmarkModelLoaded, ids_reassigned: 0
2026-08-12 11:19:54.512: [INFO] BookmarksLoadDropped droppedNodes=0
2026-08-12 11:19:54.513: [INFO] BookmarksSnapshot Startup total=0 bar=0 other=0 mobile=0 showBar=0 showBarNTP=1
2026-08-12 11:19:54.724: [INFO] BookmarksSnapshot Shutdown total=0 bar=0 other=0 mobile=0 showBar=0 showBarNTP=1
2026-08-12 11:23:06.145: [INFO] CurrentProfilePath: E:\SOAA\skill 2\.metadata\.plugins\org.eclipse.swt\EBWebView\Default
2026-08-12 11:23:06.145: [INFO] Profiles total count: 1
2026-08-12 11:23:06.146: [INFO] Profile: name=Profile 1 path=E:\SOAA\skill 2\.metadata\.plugins\org.eclipse.swt\EBWebView\Default lastActive=2026-08-12T10:49:19.398Z
2026-08-12 11:23:06.146: [INFO] LastUsedProfileDir: E:\SOAA\skill 2\.metadata\.plugins\org.eclipse.swt\EBWebView\Default
2026-08-12 11:23:06.146: [INFO] MostRecentlyActiveProfile: name=Profile 1 path=E:\SOAA\skill 2\.metadata\.plugins\org.eclipse.swt\EBWebView\Default lastActive=2026-08-12T10:49:19.398Z
2026-08-12 11:23:06.146: [INFO] OnDoneLoading sync enabled: 0
2026-08-12 11:23:06.146: [INFO] BookmarkModelLoaded, ids_reassigned: 0
2026-08-12 11:23:06.146: [INFO] BookmarksLoadDropped droppedNodes=0
2026-08-12 11:23:06.146: [INFO] BookmarksSnapshot Startup total=0 bar=0 other=0 mobile=0 showBar=0 showBarNTP=1
2026-08-12 11:24:11.663: [INFO] BookmarksSnapshot Shutdown total=0 bar=0 other=0 mobile=0 showBar=0 showBarNTP=1
2026-08-12 11:25:20.827: [INFO] CurrentProfilePath: E:\SOAA\skill 2\.metadata\.plugins\org.eclipse.swt\EBWebView\Default
2026-08-12 11:25:20.827: [INFO] Profiles total count: 1
2026-08-12 11:25:20.828: [INFO] Profile: name=Profile 1 path=E:\SOAA\skill 2\.metadata\.plugins\org.eclipse.swt\EBWebView\Default lastActive=2026-08-12T10:49:19.398Z
2026-08-12 11:25:20.828: [INFO] LastUsedProfileDir: E:\SOAA\skill 2\.metadata\.plugins\org.eclipse.swt\EBWebView\Default
2026-08-12 11:25:20.828: [INFO] MostRecentlyActiveProfile: name=Profile 1 path=E:\SOAA\skill 2\.metadata\.plugins\org.eclipse.swt\EBWebView\Default lastActive=2026-08-12T10:49:19.398Z
2026-08-12 11:25:20.828: [INFO] OnDoneLoading sync enabled: 0
2026-08-12 11:25:20.828: [INFO] BookmarkModelLoaded, ids_reassigned: 0
2026-08-12 11:25:20.828: [INFO] BookmarksLoadDropped droppedNodes=0
2026-08-12 11:25:20.829: [INFO] BookmarksSnapshot Startup total=0 bar=0 other=0 mobile=0 showBar=0 showBarNTP=1
2026-08-12 11:25:26.459: [INFO] BookmarksSnapshot Shutdown total=0 bar=0 other=0 mobile=0 showBar=0 showBarNTP=1
2026-08-12 11:25:57.559: [INFO] CurrentProfilePath: E:\SOAA\skill 2\.metadata\.plugins\org.eclipse.swt\EBWebView\Default
2026-08-12 11:25:57.559: [INFO] Profiles total count: 1
2026-08-12 11:25:57.560: [INFO] Profile: name=Profile 1 path=E:\SOAA\skill 2\.metadata\.plugins\org.eclipse.swt\EBWebView\Default lastActive=2026-08-12T10:49:19.398Z
2026-08-12 11:25:57.560: [INFO] LastUsedProfileDir: E:\SOAA\skill 2\.metadata\.plugins\org.eclipse.swt\EBWebView\Default
2026-08-12 11:25:57.560: [INFO] MostRecentlyActiveProfile: name=Profile 1 path=E:\SOAA\skill 2\.metadata\.plugins\org.eclipse.swt\EBWebView\Default lastActive=2026-08-12T10:49:19.398Z
2026-08-12 11:25:57.560: [INFO] OnDoneLoading sync enabled: 0
2026-08-12 11:25:57.560: [INFO] BookmarkModelLoaded, ids_reassigned: 0
2026-08-12 11:25:57.560: [INFO] BookmarksLoadDropped droppedNodes=0
2026-08-12 11:25:57.560: [INFO] BookmarksSnapshot Startup total=0 bar=0 other=0 mobile=0 showBar=0 showBarNTP=1
2026-08-12 11:26:02.640: [INFO] BookmarksSnapshot Shutdown total=0 bar=0 other=0 mobile=0 showBar=0 showBarNTP=1
2026-08-12 11:26:17.121: [INFO] CurrentProfilePath: E:\SOAA\skill 2\.metadata\.plugins\org.eclipse.swt\EBWebView\Default
2026-08-12 11:26:17.121: [INFO] Profiles total count: 1
2026-08-12 11:26:17.122: [INFO] Profile: name=Profile 1 path=E:\SOAA\skill 2\.metadata\.plugins\org.eclipse.swt\EBWebView\Default lastActive=2026-08-12T10:49:19.398Z
2026-08-12 11:26:17.122: [INFO] LastUsedProfileDir: E:\SOAA\skill 2\.metadata\.plugins\org.eclipse.swt\EBWebView\Default
2026-08-12 11:26:17.122: [INFO] MostRecentlyActiveProfile: name=Profile 1 path=E:\SOAA\skill 2\.metadata\.plugins\org.eclipse.swt\EBWebView\Default lastActive=2026-08-12T10:49:19.398Z
2026-08-12 11:26:17.122: [INFO] OnDoneLoading sync enabled: 0
2026-08-12 11:26:17.122: [INFO] BookmarkModelLoaded, ids_reassigned: 0
2026-08-12 11:26:17.122: [INFO] BookmarksLoadDropped droppedNodes=0
2026-08-12 11:26:17.122: [INFO] BookmarksSnapshot Startup total=0 bar=0 other=0 mobile=0 showBar=0 showBarNTP=1
2026-08-12 11:26:29.610: [INFO] BookmarksSnapshot Shutdown total=0 bar=0 other=0 mobile=0 showBar=0 showBarNTP=1
2026-08-12 11:26:54.098: [INFO] CurrentProfilePath: E:\SOAA\skill 2\.metadata\.plugins\org.eclipse.swt\EBWebView\Default
2026-08-12 11:26:54.098: [INFO] Profiles total count: 1
2026-08-12 11:26:54.099: [INFO] Profile: name=Profile 1 path=E:\SOAA\skill 2\.metadata\.plugins\org.eclipse.swt\EBWebView\Default lastActive=2026-08-12T10:49:19.398Z
2026-08-12 11:26:54.099: [INFO] LastUsedProfileDir: E:\SOAA\skill 2\.metadata\.plugins\org.eclipse.swt\EBWebView\Default
2026-08-12 11:26:54.099: [INFO] MostRecentlyActiveProfile: name=Profile 1 path=E:\SOAA\skill 2\.metadata\.plugins\org.eclipse.swt\EBWebView\Default lastActive=2026-08-12T10:49:19.398Z
2026-08-12 11:26:54.099: [INFO] OnDoneLoading sync enabled: 0
2026-08-12 11:26:54.099: [INFO] BookmarkModelLoaded, ids_reassigned: 0
2026-08-12 11:26:54.099: [INFO] BookmarksLoadDropped droppedNodes=0
2026-08-12 11:26:54.099: [INFO] BookmarksSnapshot Startup total=0 bar=0 other=0 mobile=0 showBar=0 showBarNTP=1
2026-08-12 11:27:07.023: [INFO] BookmarksSnapshot Shutdown total=0 bar=0 other=0 mobile=0 showBar=0 showBarNTP=1
2026-08-12 11:28:30.644: [INFO] CurrentProfilePath: E:\SOAA\skill 2\.metadata\.plugins\org.eclipse.swt\EBWebView\Default
2026-08-12 11:28:30.644: [INFO] Profiles total count: 1
2026-08-12 11:28:30.645: [INFO] Profile: name=Profile 1 path=E:\SOAA\skill 2\.metadata\.plugins\org.eclipse.swt\EBWebView\Default lastActive=2026-08-12T10:49:19.398Z
2026-08-12 11:28:30.645: [INFO] LastUsedProfileDir: E:\SOAA\skill 2\.metadata\.plugins\org.eclipse.swt\EBWebView\Default
2026-08-12 11:28:30.645: [INFO] MostRecentlyActiveProfile: name=Profile 1 path=E:\SOAA\skill 2\.metadata\.plugins\org.eclipse.swt\EBWebView\Default lastActive=2026-08-12T10:49:19.398Z
2026-08-12 11:28:30.645: [INFO] OnDoneLoading sync enabled: 0
2026-08-12 11:28:30.645: [INFO] BookmarkModelLoaded, ids_reassigned: 0
2026-08-12 11:28:30.645: [INFO] BookmarksLoadDropped droppedNodes=0
2026-08-12 11:28:30.645: [INFO] BookmarksSnapshot Startup total=0 bar=0 other=0 mobile=0 showBar=0 showBarNTP=1
2026-08-12 11:36:37.249: [INFO] BookmarksSnapshot Shutdown total=0 bar=0 other=0 mobile=0 showBar=0 showBarNTP=1
2026-08-12 11:36:57.473: [INFO] CurrentProfilePath: E:\SOAA\skill 2\.metadata\.plugins\org.eclipse.swt\EBWebView\Default
2026-08-12 11:36:57.473: [INFO] Profiles total count: 1
2026-08-12 11:36:57.474: [INFO] Profile: name=Profile 1 path=E:\SOAA\skill 2\.metadata\.plugins\org.eclipse.swt\EBWebView\Default lastActive=2026-08-12T10:49:19.398Z
2026-08-12 11:36:57.474: [INFO] LastUsedProfileDir: E:\SOAA\skill 2\.metadata\.plugins\org.eclipse.swt\EBWebView\Default
2026-08-12 11:36:57.474: [INFO] MostRecentlyActiveProfile: name=Profile 1 path=E:\SOAA\skill 2\.metadata\.plugins\org.eclipse.swt\EBWebView\Default lastActive=2026-08-12T10:49:19.398Z
2026-08-12 11:36:57.474: [INFO] OnDoneLoading sync enabled: 0
2026-08-12 11:36:57.474: [INFO] BookmarkModelLoaded, ids_reassigned: 0
2026-08-12 11:36:57.474: [INFO] BookmarksLoadDropped droppedNodes=0
2026-08-12 11:36:57.474: [INFO] BookmarksSnapshot Startup total=0 bar=0 other=0 mobile=0 showBar=0 showBarNTP=1
2026-08-12 11:37:01.171: [INFO] BookmarksSnapshot Shutdown total=0 bar=0 other=0 mobile=0 showBar=0 showBarNTP=1
2026-08-12 11:37:09.183: [INFO] CurrentProfilePath: E:\SOAA\skill 2\.metadata\.plugins\org.eclipse.swt\EBWebView\Default
2026-08-12 11:37:09.183: [INFO] Profiles total count: 1
2026-08-12 11:37:09.184: [INFO] Profile: name=Profile 1 path=E:\SOAA\skill 2\.metadata\.plugins\org.eclipse.swt\EBWebView\Default lastActive=2026-08-12T10:49:19.398Z
2026-08-12 11:37:09.184: [INFO] LastUsedProfileDir: E:\SOAA\skill 2\.metadata\.plugins\org.eclipse.swt\EBWebView\Default
2026-08-12 11:37:09.184: [INFO] MostRecentlyActiveProfile: name=Profile 1 path=E:\SOAA\skill 2\.metadata\.plugins\org.eclipse.swt\EBWebView\Default lastActive=2026-08-12T10:49:19.398Z
2026-08-12 11:37:09.184: [INFO] OnDoneLoading sync enabled: 0
2026-08-12 11:37:09.184: [INFO] BookmarkModelLoaded, ids_reassigned: 0
2026-08-12 11:37:09.184: [INFO] BookmarksLoadDropped droppedNodes=0
2026-08-12 11:37:09.184: [INFO] BookmarksSnapshot Startup total=0 bar=0 other=0 mobile=0 showBar=0 showBarNTP=1
2026-08-12 11:37:11.799: [INFO] BookmarksSnapshot Shutdown total=0 bar=0 other=0 mobile=0 showBar=0 showBarNTP=1
2026-08-12 11:38:14.386: [INFO] CurrentProfilePath: E:\SOAA\skill 2\.metadata\.plugins\org.eclipse.swt\EBWebView\Default
2026-08-12 11:38:14.386: [INFO] Profiles total count: 1
2026-08-12 11:38:14.387: [INFO] Profile: name=Profile 1 path=E:\SOAA\skill 2\.metadata\.plugins\org.eclipse.swt\EBWebView\Default lastActive=2026-08-12T10:49:19.398Z
2026-08-12 11:38:14.387: [INFO] LastUsedProfileDir: E:\SOAA\skill 2\.metadata\.plugins\org.eclipse.swt\EBWebView\Default
2026-08-12 11:38:14.387: [INFO] MostRecentlyActiveProfile: name=Profile 1 path=E:\SOAA\skill 2\.metadata\.plugins\org.eclipse.swt\EBWebView\Default lastActive=2026-08-12T10:49:19.398Z
2026-08-12 11:38:14.387: [INFO] OnDoneLoading sync enabled: 0
2026-08-12 11:38:14.387: [INFO] BookmarkModelLoaded, ids_reassigned: 0
2026-08-12 11:38:14.387: [INFO] BookmarksLoadDropped droppedNodes=0
2026-08-12 11:38:14.387: [INFO] BookmarksSnapshot Startup total=0 bar=0 other=0 mobile=0 showBar=0 showBarNTP=1
2026-08-12 11:38:24.456: [INFO] BookmarksSnapshot Shutdown total=0 bar=0 other=0 mobile=0 showBar=0 showBarNTP=1
2026-08-12 11:38:27.233: [INFO] CurrentProfilePath: E:\SOAA\skill 2\.metadata\.plugins\org.eclipse.swt\EBWebView\Default
2026-08-12 11:38:27.233: [INFO] Profiles total count: 1
2026-08-12 11:38:27.234: [INFO] Profile: name=Profile 1 path=E:\SOAA\skill 2\.metadata\.plugins\org.eclipse.swt\EBWebView\Default lastActive=2026-08-12T10:49:19.398Z
2026-08-12 11:38:27.234: [INFO] LastUsedProfileDir: E:\SOAA\skill 2\.metadata\.plugins\org.eclipse.swt\EBWebView\Default
2026-08-12 11:38:27.234: [INFO] MostRecentlyActiveProfile: name=Profile 1 path=E:\SOAA\skill 2\.metadata\.plugins\org.eclipse.swt\EBWebView\Default lastActive=2026-08-12T10:49:19.398Z
2026-08-12 11:38:27.234: [INFO] OnDoneLoading sync enabled: 0
2026-08-12 11:38:27.234: [INFO] BookmarkModelLoaded, ids_reassigned: 0
2026-08-12 11:38:27.234: [INFO] BookmarksLoadDropped droppedNodes=0
2026-08-12 11:38:27.234: [INFO] BookmarksSnapshot Startup total=0 bar=0 other=0 mobile=0 showBar=0 showBarNTP=1
2026-08-12 11:38:27.488: [INFO] BookmarksSnapshot Shutdown total=0 bar=0 other=0 mobile=0 showBar=0 showBarNTP=1
2026-08-12 11:38:28.835: [INFO] CurrentProfilePath: E:\SOAA\skill 2\.metadata\.plugins\org.eclipse.swt\EBWebView\Default
2026-08-12 11:38:28.835: [INFO] Profiles total count: 1
2026-08-12 11:38:28.836: [INFO] Profile: name=Profile 1 path=E:\SOAA\skill 2\.metadata\.plugins\org.eclipse.swt\EBWebView\Default lastActive=2026-08-12T10:49:19.398Z
2026-08-12 11:38:28.836: [INFO] LastUsedProfileDir: E:\SOAA\skill 2\.metadata\.plugins\org.eclipse.swt\EBWebView\Default
2026-08-12 11:38:28.836: [INFO] MostRecentlyActiveProfile: name=Profile 1 path=E:\SOAA\skill 2\.metadata\.plugins\org.eclipse.swt\EBWebView\Default lastActive=2026-08-12T10:49:19.398Z
2026-08-12 11:38:28.836: [INFO] OnDoneLoading sync enabled: 0
2026-08-12 11:38:28.836: [INFO] BookmarkModelLoaded, ids_reassigned: 0
2026-08-12 11:38:28.836: [INFO] BookmarksLoadDropped droppedNodes=0
2026-08-12 11:38:28.837: [INFO] BookmarksSnapshot Startup total=0 bar=0 other=0 mobile=0 showBar=0 showBarNTP=1
2026-08-12 11:38:29.091: [INFO] BookmarksSnapshot Shutdown total=0 bar=0 other=0 mobile=0 showBar=0 showBarNTP=1
2026-08-12 11:38:32.989: [INFO] CurrentProfilePath: E:\SOAA\skill 2\.metadata\.plugins\org.eclipse.swt\EBWebView\Default
2026-08-12 11:38:32.989: [INFO] Profiles total count: 1
2026-08-12 11:38:32.990: [INFO] Profile: name=Profile 1 path=E:\SOAA\skill 2\.metadata\.plugins\org.eclipse.swt\EBWebView\Default lastActive=2026-08-12T10:49:19.398Z
2026-08-12 11:38:32.990: [INFO] LastUsedProfileDir: E:\SOAA\skill 2\.metadata\.plugins\org.eclipse.swt\EBWebView\Default
2026-08-12 11:38:32.990: [INFO] MostRecentlyActiveProfile: name=Profile 1 path=E:\SOAA\skill 2\.metadata\.plugins\org.eclipse.swt\EBWebView\Default lastActive=2026-08-12T10:49:19.398Z
2026-08-12 11:38:32.990: [INFO] OnDoneLoading sync enabled: 0
2026-08-12 11:38:32.990: [INFO] BookmarkModelLoaded, ids_reassigned: 0
2026-08-12 11:38:32.990: [INFO] BookmarksLoadDropped droppedNodes=0
2026-08-12 11:38:32.990: [INFO] BookmarksSnapshot Startup total=0 bar=0 other=0 mobile=0 showBar=0 showBarNTP=1
2026-08-12 11:38:33.241: [INFO] BookmarksSnapshot Shutdown total=0 bar=0 other=0 mobile=0 showBar=0 showBarNTP=1
2026-08-12 11:38:38.404: [INFO] CurrentProfilePath: E:\SOAA\skill 2\.metadata\.plugins\org.eclipse.swt\EBWebView\Default
2026-08-12 11:38:38.404: [INFO] Profiles total count: 1
2026-08-12 11:38:38.405: [INFO] Profile: name=Profile 1 path=E:\SOAA\skill 2\.metadata\.plugins\org.eclipse.swt\EBWebView\Default lastActive=2026-08-12T10:49:19.398Z
2026-08-12 11:38:38.405: [INFO] LastUsedProfileDir: E:\SOAA\skill 2\.metadata\.plugins\org.eclipse.swt\EBWebView\Default
2026-08-12 11:38:38.405: [INFO] MostRecentlyActiveProfile: name=Profile 1 path=E:\SOAA\skill 2\.metadata\.plugins\org.eclipse.swt\EBWebView\Default lastActive=2026-08-12T10:49:19.398Z
2026-08-12 11:38:38.405: [INFO] OnDoneLoading sync enabled: 0
2026-08-12 11:38:38.405: [INFO] BookmarkModelLoaded, ids_reassigned: 0
2026-08-12 11:38:38.405: [INFO] BookmarksLoadDropped droppedNodes=0
2026-08-12 11:38:38.405: [INFO] BookmarksSnapshot Startup total=0 bar=0 other=0 mobile=0 showBar=0 showBarNTP=1
2026-08-12 11:38:38.670: [INFO] BookmarksSnapshot Shutdown total=0 bar=0 other=0 mobile=0 showBar=0 showBarNTP=1
2026-08-12 11:38:46.418: [INFO] CurrentProfilePath: E:\SOAA\skill 2\.metadata\.plugins\org.eclipse.swt\EBWebView\Default
2026-08-12 11:38:46.418: [INFO] Profiles total count: 1
2026-08-12 11:38:46.419: [INFO] Profile: name=Profile 1 path=E:\SOAA\skill 2\.metadata\.plugins\org.eclipse.swt\EBWebView\Default lastActive=2026-08-12T10:49:19.398Z
2026-08-12 11:38:46.419: [INFO] LastUsedProfileDir: E:\SOAA\skill 2\.metadata\.plugins\org.eclipse.swt\EBWebView\Default
2026-08-12 11:38:46.419: [INFO] MostRecentlyActiveProfile: name=Profile 1 path=E:\SOAA\skill 2\.metadata\.plugins\org.eclipse.swt\EBWebView\Default lastActive=2026-08-12T10:49:19.398Z
2026-08-12 11:38:46.419: [INFO] OnDoneLoading sync enabled: 0
2026-08-12 11:38:46.419: [INFO] BookmarkModelLoaded, ids_reassigned: 0
2026-08-12 11:38:46.419: [INFO] BookmarksLoadDropped droppedNodes=0
2026-08-12 11:38:46.419: [INFO] BookmarksSnapshot Startup total=0 bar=0 other=0 mobile=0 showBar=0 showBarNTP=1
2026-08-12 11:38:49.433: [INFO] BookmarksSnapshot Shutdown total=0 bar=0 other=0 mobile=0 showBar=0 showBarNTP=1
2026-08-12 11:38:51.037: [INFO] CurrentProfilePath: E:\SOAA\skill 2\.metadata\.plugins\org.eclipse.swt\EBWebView\Default
2026-08-12 11:38:51.037: [INFO] Profiles total count: 1
2026-08-12 11:38:51.038: [INFO] Profile: name=Profile 1 path=E:\SOAA\skill 2\.metadata\.plugins\org.eclipse.swt\EBWebView\Default lastActive=2026-08-12T10:49:19.398Z
2026-08-12 11:38:51.038: [INFO] LastUsedProfileDir: E:\SOAA\skill 2\.metadata\.plugins\org.eclipse.swt\EBWebView\Default
2026-08-12 11:38:51.038: [INFO] MostRecentlyActiveProfile: name=Profile 1 path=E:\SOAA\skill 2\.metadata\.plugins\org.eclipse.swt\EBWebView\Default lastActive=2026-08-12T10:49:19.398Z
2026-08-12 11:38:51.038: [INFO] OnDoneLoading sync enabled: 0
2026-08-12 11:38:51.038: [INFO] BookmarkModelLoaded, ids_reassigned: 0
2026-08-12 11:38:51.038: [INFO] BookmarksLoadDropped droppedNodes=0
2026-08-12 11:38:51.038: [INFO] BookmarksSnapshot Startup total=0 bar=0 other=0 mobile=0 showBar=0 showBarNTP=1
2026-08-12 11:38:53.778: [INFO] BookmarksSnapshot Shutdown total=0 bar=0 other=0 mobile=0 showBar=0 showBarNTP=1
2026-08-12 11:39:34.926: [INFO] CurrentProfilePath: E:\SOAA\skill 2\.metadata\.plugins\org.eclipse.swt\EBWebView\Default
2026-08-12 11:39:34.926: [INFO] Profiles total count: 1
2026-08-12 11:39:34.927: [INFO] Profile: name=Profile 1 path=E:\SOAA\skill 2\.metadata\.plugins\org.eclipse.swt\EBWebView\Default lastActive=2026-08-12T10:49:19.398Z
2026-08-12 11:39:34.927: [INFO] LastUsedProfileDir: E:\SOAA\skill 2\.metadata\.plugins\org.eclipse.swt\EBWebView\Default
2026-08-12 11:39:34.927: [INFO] MostRecentlyActiveProfile: name=Profile 1 path=E:\SOAA\skill 2\.metadata\.plugins\org.eclipse.swt\EBWebView\Default lastActive=2026-08-12T10:49:19.398Z
2026-08-12 11:39:34.927: [INFO] OnDoneLoading sync enabled: 0
2026-08-12 11:39:34.927: [INFO] BookmarkModelLoaded, ids_reassigned: 0
2026-08-12 11:39:34.928: [INFO] BookmarksLoadDropped droppedNodes=0
2026-08-12 11:39:34.928: [INFO] BookmarksSnapshot Startup total=0 bar=0 other=0 mobile=0 showBar=0 showBarNTP=1
2026-08-12 11:39:35.169: [INFO] BookmarksSnapshot Shutdown total=0 bar=0 other=0 mobile=0 showBar=0 showBarNTP=1
2026-08-12 11:39:47.955: [INFO] CurrentProfilePath: E:\SOAA\skill 2\.metadata\.plugins\org.eclipse.swt\EBWebView\Default
2026-08-12 11:39:47.955: [INFO] Profiles total count: 1
2026-08-12 11:39:47.956: [INFO] Profile: name=Profile 1 path=E:\SOAA\skill 2\.metadata\.plugins\org.eclipse.swt\EBWebView\Default lastActive=2026-08-12T10:49:19.398Z
2026-08-12 11:39:47.956: [INFO] LastUsedProfileDir: E:\SOAA\skill 2\.metadata\.plugins\org.eclipse.swt\EBWebView\Default
2026-08-12 11:39:47.956: [INFO] MostRecentlyActiveProfile: name=Profile 1 path=E:\SOAA\skill 2\.metadata\.plugins\org.eclipse.swt\EBWebView\Default lastActive=2026-08-12T10:49:19.398Z
2026-08-12 11:39:47.956: [INFO] OnDoneLoading sync enabled: 0
2026-08-12 11:39:47.956: [INFO] BookmarkModelLoaded, ids_reassigned: 0
2026-08-12 11:39:47.956: [INFO] BookmarksLoadDropped droppedNodes=0
2026-08-12 11:39:47.956: [INFO] BookmarksSnapshot Startup total=0 bar=0 other=0 mobile=0 showBar=0 showBarNTP=1
2026-08-12 11:39:51.978: [INFO] BookmarksSnapshot Shutdown total=0 bar=0 other=0 mobile=0 showBar=0 showBarNTP=1
2026-08-12 11:39:57.347: [INFO] CurrentProfilePath: E:\SOAA\skill 2\.metadata\.plugins\org.eclipse.swt\EBWebView\Default
2026-08-12 11:39:57.347: [INFO] Profiles total count: 1
2026-08-12 11:39:57.348: [INFO] Profile: name=Profile 1 path=E:\SOAA\skill 2\.metadata\.plugins\org.eclipse.swt\EBWebView\Default lastActive=2026-08-12T10:49:19.398Z
2026-08-12 11:39:57.348: [INFO] LastUsedProfileDir: E:\SOAA\skill 2\.metadata\.plugins\org.eclipse.swt\EBWebView\Default
2026-08-12 11:39:57.348: [INFO] MostRecentlyActiveProfile: name=Profile 1 path=E:\SOAA\skill 2\.metadata\.plugins\org.eclipse.swt\EBWebView\Default lastActive=2026-08-12T10:49:19.398Z
2026-08-12 11:39:57.348: [INFO] OnDoneLoading sync enabled: 0
2026-08-12 11:39:57.348: [INFO] BookmarkModelLoaded, ids_reassigned: 0
2026-08-12 11:39:57.348: [INFO] BookmarksLoadDropped droppedNodes=0
2026-08-12 11:39:57.348: [INFO] BookmarksSnapshot Startup total=0 bar=0 other=0 mobile=0 showBar=0 showBarNTP=1
2026-08-12 11:39:57.603: [INFO] BookmarksSnapshot Shutdown total=0 bar=0 other=0 mobile=0 showBar=0 showBarNTP=1
2026-08-12 11:39:58.728: [INFO] CurrentProfilePath: E:\SOAA\skill 2\.metadata\.plugins\org.eclipse.swt\EBWebView\Default
2026-08-12 11:39:58.728: [INFO] Profiles total count: 1
2026-08-12 11:39:58.729: [INFO] Profile: name=Profile 1 path=E:\SOAA\skill 2\.metadata\.plugins\org.eclipse.swt\EBWebView\Default lastActive=2026-08-12T10:49:19.398Z
2026-08-12 11:39:58.729: [INFO] LastUsedProfileDir: E:\SOAA\skill 2\.metadata\.plugins\org.eclipse.swt\EBWebView\Default
2026-08-12 11:39:58.729: [INFO] MostRecentlyActiveProfile: name=Profile 1 path=E:\SOAA\skill 2\.metadata\.plugins\org.eclipse.swt\EBWebView\Default lastActive=2026-08-12T10:49:19.398Z
2026-08-12 11:39:58.729: [INFO] OnDoneLoading sync enabled: 0
2026-08-12 11:39:58.729: [INFO] BookmarkModelLoaded, ids_reassigned: 0
2026-08-12 11:39:58.729: [INFO] BookmarksLoadDropped droppedNodes=0
2026-08-12 11:39:58.729: [INFO] BookmarksSnapshot Startup total=0 bar=0 other=0 mobile=0 showBar=0 showBarNTP=1
2026-08-12 11:40:18.686: [INFO] BookmarksSnapshot Shutdown total=0 bar=0 other=0 mobile=0 showBar=0 showBarNTP=1
2026-08-13 05:59:01.127: [INFO] CurrentProfilePath: E:\SOAA\skill 2\.metadata\.plugins\org.eclipse.swt\EBWebView\Default
2026-08-13 05:59:01.127: [INFO] Profiles total count: 1
2026-08-13 05:59:01.128: [INFO] Profile: name=Profile 1 path=E:\SOAA\skill 2\.metadata\.plugins\org.eclipse.swt\EBWebView\Default lastActive=2026-08-12T10:49:19.398Z
2026-08-13 05:59:01.128: [INFO] LastUsedProfileDir: E:\SOAA\skill 2\.metadata\.plugins\org.eclipse.swt\EBWebView\Default
2026-08-13 05:59:01.128: [INFO] MostRecentlyActiveProfile: name=Profile 1 path=E:\SOAA\skill 2\.metadata\.plugins\org.eclipse.swt\EBWebView\Default lastActive=2026-08-12T10:49:19.398Z
2026-08-13 05:59:01.128: [INFO] OnDoneLoading sync enabled: 0
2026-08-13 05:59:01.128: [INFO] BookmarkModelLoaded, ids_reassigned: 0
2026-08-13 05:59:01.128: [INFO] BookmarksLoadDropped droppedNodes=0
2026-08-13 05:59:01.128: [INFO] BookmarksSnapshot Startup total=0 bar=0 other=0 mobile=0 showBar=0 showBarNTP=1
2026-08-13 05:59:01.390: [INFO] BookmarksSnapshot Shutdown total=0 bar=0 other=0 mobile=0 showBar=0 showBarNTP=1
2026-08-13 05:59:35.806: [INFO] CurrentProfilePath: E:\SOAA\skill 2\.metadata\.plugins\org.eclipse.swt\EBWebView\Default
2026-08-13 05:59:35.806: [INFO] Profiles total count: 1
2026-08-13 05:59:35.807: [INFO] Profile: name=Profile 1 path=E:\SOAA\skill 2\.metadata\.plugins\org.eclipse.swt\EBWebView\Default lastActive=2026-08-12T10:49:19.398Z
2026-08-13 05:59:35.807: [INFO] LastUsedProfileDir: E:\SOAA\skill 2\.metadata\.plugins\org.eclipse.swt\EBWebView\Default
2026-08-13 05:59:35.807: [INFO] MostRecentlyActiveProfile: name=Profile 1 path=E:\SOAA\skill 2\.metadata\.plugins\org.eclipse.swt\EBWebView\Default lastActive=2026-08-12T10:49:19.398Z
2026-08-13 05:59:35.807: [INFO] OnDoneLoading sync enabled: 0
2026-08-13 05:59:35.807: [INFO] BookmarkModelLoaded, ids_reassigned: 0
2026-08-13 05:59:35.807: [INFO] BookmarksLoadDropped droppedNodes=0
2026-08-13 05:59:35.807: [INFO] BookmarksSnapshot Startup total=0 bar=0 other=0 mobile=0 showBar=0 showBarNTP=1
2026-08-13 06:44:18.695: [INFO] BookmarksSnapshot Shutdown total=0 bar=0 other=0 mobile=0 showBar=0 showBarNTP=1
2026-08-13 10:26:07.446: [INFO] CurrentProfilePath: E:\SOAA\skill 2\.metadata\.plugins\org.eclipse.swt\EBWebView\Default
2026-08-13 10:26:07.446: [INFO] Profiles total count: 1
2026-08-13 10:26:07.446: [INFO] Profile: name=Profile 1 path=E:\SOAA\skill 2\.metadata\.plugins\org.eclipse.swt\EBWebView\Default lastActive=2026-08-12T10:49:19.398Z
2026-08-13 10:26:07.446: [INFO] LastUsedProfileDir: E:\SOAA\skill 2\.metadata\.plugins\org.eclipse.swt\EBWebView\Default
2026-08-13 10:26:07.447: [INFO] MostRecentlyActiveProfile: name=Profile 1 path=E:\SOAA\skill 2\.metadata\.plugins\org.eclipse.swt\EBWebView\Default lastActive=2026-08-12T10:49:19.398Z
2026-08-13 10:26:07.447: [INFO] OnDoneLoading sync enabled: 0
2026-08-13 10:26:07.447: [INFO] BookmarkModelLoaded, ids_reassigned: 0
2026-08-13 10:26:07.447: [INFO] BookmarksLoadDropped droppedNodes=0
2026-08-13 10:26:07.447: [INFO] BookmarksSnapshot Startup total=0 bar=0 other=0 mobile=0 showBar=0 showBarNTP=1
2026-08-13 11:35:15.593: [INFO] BookmarksSnapshot Shutdown total=0 bar=0 other=0 mobile=0 showBar=0 showBarNTP=1
